// Jest Snapshot v1, https://goo.gl/fbAQLP

exports[`ProjectPalette ProjectPalette Component Should match the snapshot 1`] = `
Object {
  "asFragment": [Function],
  "baseElement": <body>
    <div>
      <article
        class="project-colors-article"
      >
        <div>
          <h3>
            Party Palette
          </h3>
          <button
            class="trash-btn"
            data-testid="delete-button"
          >
            <img
              class="icon-bin"
              src="bin.png"
            />
          </button>
        </div>
        <div
          class="colors-div-container"
        >
          <div
            class="color-box"
          >
            <p>
              #11232
            </p>
          </div>
          <div
            class="color-box"
          >
            <p>
              #11222
            </p>
          </div>
          <div
            class="color-box"
          >
            <p>
              #34232
            </p>
          </div>
          <div
            class="color-box"
          >
            <p>
              #11562
            </p>
          </div>
          <div
            class="color-box"
          >
            <p>
              #11852
            </p>
          </div>
        </div>
      </article>
    </div>
  </body>,
  "container": <div>
    <article
      class="project-colors-article"
    >
      <div>
        <h3>
          Party Palette
        </h3>
        <button
          class="trash-btn"
          data-testid="delete-button"
        >
          <img
            class="icon-bin"
            src="bin.png"
          />
        </button>
      </div>
      <div
        class="colors-div-container"
      >
        <div
          class="color-box"
        >
          <p>
            #11232
          </p>
        </div>
        <div
          class="color-box"
        >
          <p>
            #11222
          </p>
        </div>
        <div
          class="color-box"
        >
          <p>
            #34232
          </p>
        </div>
        <div
          class="color-box"
        >
          <p>
            #11562
          </p>
        </div>
        <div
          class="color-box"
        >
          <p>
            #11852
          </p>
        </div>
      </div>
    </article>
  </div>,
  "debug": [Function],
  "findAllByAltText": [Function],
  "findAllByDisplayValue": [Function],
  "findAllByLabelText": [Function],
  "findAllByPlaceholderText": [Function],
  "findAllByRole": [Function],
  "findAllByTestId": [Function],
  "findAllByText": [Function],
  "findAllByTitle": [Function],
  "findByAltText": [Function],
  "findByDisplayValue": [Function],
  "findByLabelText": [Function],
  "findByPlaceholderText": [Function],
  "findByRole": [Function],
  "findByTestId": [Function],
  "findByText": [Function],
  "findByTitle": [Function],
  "getAllByAltText": [Function],
  "getAllByDisplayValue": [Function],
  "getAllByLabelText": [Function],
  "getAllByPlaceholderText": [Function],
  "getAllByRole": [Function],
  "getAllByTestId": [Function],
  "getAllByText": [Function],
  "getAllByTitle": [Function],
  "getByAltText": [Function],
  "getByDisplayValue": [Function],
  "getByLabelText": [Function],
  "getByPlaceholderText": [Function],
  "getByRole": [Function],
  "getByTestId": [Function],
  "getByText": [Function],
  "getByTitle": [Function],
  "queryAllByAltText": [Function],
  "queryAllByDisplayValue": [Function],
  "queryAllByLabelText": [Function],
  "queryAllByPlaceholderText": [Function],
  "queryAllByRole": [Function],
  "queryAllByTestId": [Function],
  "queryAllByText": [Function],
  "queryAllByTitle": [Function],
  "queryByAltText": [Function],
  "queryByDisplayValue": [Function],
  "queryByLabelText": [Function],
  "queryByPlaceholderText": [Function],
  "queryByRole": [Function],
  "queryByTestId": [Function],
  "queryByText": [Function],
  "queryByTitle": [Function],
  "rerender": [Function],
  "unmount": [Function],
}
`;
