// Jest Snapshot v1, https://goo.gl/fbAQLP

exports[`ProjectForm ProjectForm Component should match the snapshot 1`] = `undefined`;
