// Jest Snapshot v1, https://goo.gl/fbAQLP

exports[`App App Component should match the snapshot 1`] = `
<main
  className="App"
>
  <Connect(PaletteGenerator) />
  <section
    className="section-project"
  >
    <Connect(Header) />
    <Connect(ProjectForm) />
    <Connect(PaletteForm) />
  </section>
  <Connect(ProjectContainer) />
</main>
`;
