// Jest Snapshot v1, https://goo.gl/fbAQLP

exports[`PaletteForm PaletteForm Component should match the snapshot 1`] = `
Object {
  "asFragment": [Function],
  "baseElement": <body>
    <div>
      <form
        class="palette-form"
      >
        <p
          class="palette-form-header"
        >
          Add Palette To Project: 
        </p>
        <div
          class="project-selector-container"
        >
          <label
            class="palette-form-label"
            for="select-project"
          >
            Select Project: 
          </label>
          <select
            class="project-selector"
            data-testid="select-project"
            id="select-project"
          >
            <option
              value=""
            >
              Please Select
            </option>
            <option
              value="test hahahah"
            >
              test hahahah
            </option>
            <option
              value="test"
            >
              test
            </option>
          </select>
        </div>
        <input
          class="palette-name-input"
          data-testid="palette-name-input"
          maxlength="30"
          placeholder="Palette Name"
          type="text"
          value=""
        />
        <div
          class="project-form-error-container"
        >
          <p
            class="project-form-error"
            data-testid="project-form-error"
            hidden=""
          >
            Error: Please Enter a Name and Project
          </p>
        </div>
        <button
          class="select-palette-btn"
          type="button"
        >
          Save Palette
        </button>
      </form>
    </div>
  </body>,
  "container": <div>
    <form
      class="palette-form"
    >
      <p
        class="palette-form-header"
      >
        Add Palette To Project: 
      </p>
      <div
        class="project-selector-container"
      >
        <label
          class="palette-form-label"
          for="select-project"
        >
          Select Project: 
        </label>
        <select
          class="project-selector"
          data-testid="select-project"
          id="select-project"
        >
          <option
            value=""
          >
            Please Select
          </option>
          <option
            value="test hahahah"
          >
            test hahahah
          </option>
          <option
            value="test"
          >
            test
          </option>
        </select>
      </div>
      <input
        class="palette-name-input"
        data-testid="palette-name-input"
        maxlength="30"
        placeholder="Palette Name"
        type="text"
        value=""
      />
      <div
        class="project-form-error-container"
      >
        <p
          class="project-form-error"
          data-testid="project-form-error"
          hidden=""
        >
          Error: Please Enter a Name and Project
        </p>
      </div>
      <button
        class="select-palette-btn"
        type="button"
      >
        Save Palette
      </button>
    </form>
  </div>,
  "debug": [Function],
  "findAllByAltText": [Function],
  "findAllByDisplayValue": [Function],
  "findAllByLabelText": [Function],
  "findAllByPlaceholderText": [Function],
  "findAllByRole": [Function],
  "findAllByTestId": [Function],
  "findAllByText": [Function],
  "findAllByTitle": [Function],
  "findByAltText": [Function],
  "findByDisplayValue": [Function],
  "findByLabelText": [Function],
  "findByPlaceholderText": [Function],
  "findByRole": [Function],
  "findByTestId": [Function],
  "findByText": [Function],
  "findByTitle": [Function],
  "getAllByAltText": [Function],
  "getAllByDisplayValue": [Function],
  "getAllByLabelText": [Function],
  "getAllByPlaceholderText": [Function],
  "getAllByRole": [Function],
  "getAllByTestId": [Function],
  "getAllByText": [Function],
  "getAllByTitle": [Function],
  "getByAltText": [Function],
  "getByDisplayValue": [Function],
  "getByLabelText": [Function],
  "getByPlaceholderText": [Function],
  "getByRole": [Function],
  "getByTestId": [Function],
  "getByText": [Function],
  "getByTitle": [Function],
  "queryAllByAltText": [Function],
  "queryAllByDisplayValue": [Function],
  "queryAllByLabelText": [Function],
  "queryAllByPlaceholderText": [Function],
  "queryAllByRole": [Function],
  "queryAllByTestId": [Function],
  "queryAllByText": [Function],
  "queryAllByTitle": [Function],
  "queryByAltText": [Function],
  "queryByDisplayValue": [Function],
  "queryByLabelText": [Function],
  "queryByPlaceholderText": [Function],
  "queryByRole": [Function],
  "queryByTestId": [Function],
  "queryByText": [Function],
  "queryByTitle": [Function],
  "rerender": [Function],
  "unmount": [Function],
}
`;
