// Jest Snapshot v1, https://goo.gl/fbAQLP

exports[`ProjectCard ProjectCard Component should match the snapshot when palettes is an array of palettes 1`] = `
Object {
  "asFragment": [Function],
  "baseElement": <body>
    <div>
      <section
        class="project-cards-section"
        data-testid="project-id"
      >
        <div
          class="project-title-div"
        >
          <button
            class="project-delete-icon-btn"
            data-testid="button-id"
          >
            <img
              class="project-delete-icon"
              src="quit.png"
            />
          </button>
          <h2
            class="project-name"
            data-testid="project-name"
          >
            Project 2
            :
          </h2>
        </div>
        <div
          class="palette-card-div"
        />
      </section>
    </div>
  </body>,
  "container": <div>
    <section
      class="project-cards-section"
      data-testid="project-id"
    >
      <div
        class="project-title-div"
      >
        <button
          class="project-delete-icon-btn"
          data-testid="button-id"
        >
          <img
            class="project-delete-icon"
            src="quit.png"
          />
        </button>
        <h2
          class="project-name"
          data-testid="project-name"
        >
          Project 2
          :
        </h2>
      </div>
      <div
        class="palette-card-div"
      />
    </section>
  </div>,
  "debug": [Function],
  "findAllByAltText": [Function],
  "findAllByDisplayValue": [Function],
  "findAllByLabelText": [Function],
  "findAllByPlaceholderText": [Function],
  "findAllByRole": [Function],
  "findAllByTestId": [Function],
  "findAllByText": [Function],
  "findAllByTitle": [Function],
  "findByAltText": [Function],
  "findByDisplayValue": [Function],
  "findByLabelText": [Function],
  "findByPlaceholderText": [Function],
  "findByRole": [Function],
  "findByTestId": [Function],
  "findByText": [Function],
  "findByTitle": [Function],
  "getAllByAltText": [Function],
  "getAllByDisplayValue": [Function],
  "getAllByLabelText": [Function],
  "getAllByPlaceholderText": [Function],
  "getAllByRole": [Function],
  "getAllByTestId": [Function],
  "getAllByText": [Function],
  "getAllByTitle": [Function],
  "getByAltText": [Function],
  "getByDisplayValue": [Function],
  "getByLabelText": [Function],
  "getByPlaceholderText": [Function],
  "getByRole": [Function],
  "getByTestId": [Function],
  "getByText": [Function],
  "getByTitle": [Function],
  "queryAllByAltText": [Function],
  "queryAllByDisplayValue": [Function],
  "queryAllByLabelText": [Function],
  "queryAllByPlaceholderText": [Function],
  "queryAllByRole": [Function],
  "queryAllByTestId": [Function],
  "queryAllByText": [Function],
  "queryAllByTitle": [Function],
  "queryByAltText": [Function],
  "queryByDisplayValue": [Function],
  "queryByLabelText": [Function],
  "queryByPlaceholderText": [Function],
  "queryByRole": [Function],
  "queryByTestId": [Function],
  "queryByText": [Function],
  "queryByTitle": [Function],
  "rerender": [Function],
  "unmount": [Function],
}
`;

exports[`ProjectCard ProjectCard Component should match the snapshot when palettes is an empty array 1`] = `
Object {
  "asFragment": [Function],
  "baseElement": <body>
    <div>
      <section
        class="project-cards-section"
        data-testid="project-id"
      >
        <div
          class="project-title-div"
        >
          <button
            class="project-delete-icon-btn"
            data-testid="button-id"
          >
            <img
              class="project-delete-icon"
              src="quit.png"
            />
          </button>
          <h2
            class="project-name"
            data-testid="project-name"
          >
            Project 2
            :
          </h2>
        </div>
        <div
          class="palette-card-div"
        />
      </section>
    </div>
  </body>,
  "container": <div>
    <section
      class="project-cards-section"
      data-testid="project-id"
    >
      <div
        class="project-title-div"
      >
        <button
          class="project-delete-icon-btn"
          data-testid="button-id"
        >
          <img
            class="project-delete-icon"
            src="quit.png"
          />
        </button>
        <h2
          class="project-name"
          data-testid="project-name"
        >
          Project 2
          :
        </h2>
      </div>
      <div
        class="palette-card-div"
      />
    </section>
  </div>,
  "debug": [Function],
  "findAllByAltText": [Function],
  "findAllByDisplayValue": [Function],
  "findAllByLabelText": [Function],
  "findAllByPlaceholderText": [Function],
  "findAllByRole": [Function],
  "findAllByTestId": [Function],
  "findAllByText": [Function],
  "findAllByTitle": [Function],
  "findByAltText": [Function],
  "findByDisplayValue": [Function],
  "findByLabelText": [Function],
  "findByPlaceholderText": [Function],
  "findByRole": [Function],
  "findByTestId": [Function],
  "findByText": [Function],
  "findByTitle": [Function],
  "getAllByAltText": [Function],
  "getAllByDisplayValue": [Function],
  "getAllByLabelText": [Function],
  "getAllByPlaceholderText": [Function],
  "getAllByRole": [Function],
  "getAllByTestId": [Function],
  "getAllByText": [Function],
  "getAllByTitle": [Function],
  "getByAltText": [Function],
  "getByDisplayValue": [Function],
  "getByLabelText": [Function],
  "getByPlaceholderText": [Function],
  "getByRole": [Function],
  "getByTestId": [Function],
  "getByText": [Function],
  "getByTitle": [Function],
  "queryAllByAltText": [Function],
  "queryAllByDisplayValue": [Function],
  "queryAllByLabelText": [Function],
  "queryAllByPlaceholderText": [Function],
  "queryAllByRole": [Function],
  "queryAllByTestId": [Function],
  "queryAllByText": [Function],
  "queryAllByTitle": [Function],
  "queryByAltText": [Function],
  "queryByDisplayValue": [Function],
  "queryByLabelText": [Function],
  "queryByPlaceholderText": [Function],
  "queryByRole": [Function],
  "queryByTestId": [Function],
  "queryByText": [Function],
  "queryByTitle": [Function],
  "rerender": [Function],
  "unmount": [Function],
}
`;
